../Core/Src/main.c:164:14:lowpass_ctrl	24	static
../Core/Src/main.c:176:14:lowpass_tel	24	static
../Core/Src/main.c:188:13:adjust_setpoint	16	static
../Core/Src/main.c:193:13:uart_print	16	static
../Core/Src/main.c:198:13:uart_printf	144	static
../Core/Src/main.c:210:13:i2c_scan_bus	24	static
../Core/Src/main.c:229:14:clampf	24	static
../Core/Src/main.c:237:14:pid_step	56	static
../Core/Src/main.c:262:13:pid_bumpless_init	40	static
../Core/Src/main.c:277:14:rate_limit	24	static
../Core/Src/main.c:286:14:rate_limit_asym	32	static
../Core/Src/main.c:296:13:rate_limit_reset	16	static
../Core/Src/main.c:303:13:uart_start_rx_it	8	static
../Core/Src/main.c:309:13:uart_handle_char	56	static
../Core/Src/main.c:388:13:heater_set_percent	24	static
../Core/Src/main.c:398:16:is_valid_temp	16	static
../Core/Src/main.c:411:5:main	200	static
../Core/Src/main.c:646:6:SystemClock_Config	88	static
../Core/Src/main.c:693:13:MX_I2C1_Init	8	static
../Core/Src/main.c:739:13:MX_I2C4_Init	8	static
../Core/Src/main.c:785:13:MX_USART3_UART_Init	8	static
../Core/Src/main.c:820:13:MX_GPIO_Init	56	static
../Core/Src/main.c:931:13:MX_TIM3_Init	56	static
../Core/Src/main.c:968:13:MX_TIM4_Init	40	static
../Core/Src/main.c:999:6:HAL_UART_RxCpltCallback	16	static
../Core/Src/main.c:1007:6:HAL_GPIO_EXTI_Callback	24	static
../Core/Src/main.c:1032:6:Error_Handler	4	static,ignoring_inline_asm
